[
  {
    "accent": 1,
    "is_interrogative": false,
    "moras": [
      {
        "consonant": "t",
        "consonant_length": 0.0,
        "pitch": 0.0,
        "text": "テ",
        "vowel": "e",
        "vowel_length": 0.0
      },
      {
        "consonant": "s",
        "consonant_length": 0.0,
        "pitch": 0.0,
        "text": "ス",
        "vowel": "u",
        "vowel_length": 0.0
      },
      {
        "consonant": "t",
        "consonant_length": 0.0,
        "pitch": 0.0,
        "text": "ト",
        "vowel": "o",
        "vowel_length": 0.0
      },
      {
        "consonant": "d",
        "consonant_length": 0.0,
        "pitch": 0.0,
        "text": "デ",
        "vowel": "e",
        "vowel_length": 0.0
      },
      {
        "consonant": "s",
        "consonant_length": 0.0,
        "pitch": 0.0,
        "text": "ス",
        "vowel": "u",
        "vowel_length": 0.0
      }
    ],
    "pause_mora": null
  }
]
