{
  "policy": "MD5:0ba8f99060494bd1358581440037f39a",
  "portrait": "MD5:df87a6169da388ab846b55b395b10edb",
  "style_infos": [
    {
      "icon": "MD5:df87a6169da388ab846b55b395b10edb",
      "id": 888753760,
      "portrait": null,
      "voice_sample_transcripts": [
        "おはようございます！現在時刻は7時30分です。今日の東京の気温は18度で、天気は雨です。10時からミーティング、午後3時に歯医者の予約があります。今日も素敵な一日になりますように。",
        "やった〜！テストでようやく満点取れた〜！めちゃくちゃ嬉しい…。　そうそう、さっき読んでたこの漫画がめっちゃ面白くてさ〜！見てよこれ！",
        "ごめんね、今ちょっと風邪気味なんだよね…。それでもよければ会いたいけど、どう？　…………そっか…。コロナ流行ってるもんね。じゃまた今度にしようか。…元気になったらぜひご飯でも！"
      ],
      "voice_samples": [
        "MD5:e39d70f7f39afdc6d1e3e71416039804",
        "MD5:43c1dce0ca1381fc9337f1ef87b63496",
        "MD5:7c0bcb20001d1cf84b2c6ff9aa9490dc"
      ]
    },
    {
      "icon": "MD5:df87a6169da388ab846b55b395b10edb",
      "id": 888753761,
      "portrait": null,
      "voice_sample_transcripts": [
        "おはようございます！現在時刻は7時30分です。今日の東京の気温は18度で、天気は雨です。10時からミーティング、午後3時に歯医者の予約があります。今日も素敵な一日になりますように。",
        "やった〜！テストでようやく満点取れた〜！めちゃくちゃ嬉しい…。　そうそう、さっき読んでたこの漫画がめっちゃ面白くてさ〜！見てよこれ！",
        "ごめんね、今ちょっと風邪気味なんだよね…。それでもよければ会いたいけど、どう？　…………そっか…。コロナ流行ってるもんね。じゃまた今度にしようか。…元気になったらぜひご飯でも！"
      ],
      "voice_samples": [
        "MD5:5eb09c624074092292190c8a3675b4fa",
        "MD5:e9fbc828c4316786c667ed5e5c619927",
        "MD5:22558c7a3ad4676b6406b383a33c467c"
      ]
    },
    {
      "icon": "MD5:df87a6169da388ab846b55b395b10edb",
      "id": 888753762,
      "portrait": null,
      "voice_sample_transcripts": [
        "おはようございます！現在時刻は7時30分です。今日の東京の気温は18度で、天気は雨です。10時からミーティング、午後3時に歯医者の予約があります。今日も素敵な一日になりますように。",
        "やった〜！テストでようやく満点取れた〜！めちゃくちゃ嬉しい…。　そうそう、さっき読んでたこの漫画がめっちゃ面白くてさ〜！見てよこれ！",
        "ごめんね、今ちょっと風邪気味なんだよね…。それでもよければ会いたいけど、どう？　…………そっか…。コロナ流行ってるもんね。じゃまた今度にしようか。…元気になったらぜひご飯でも！"
      ],
      "voice_samples": [
        "MD5:2c8eebe50647b454c549c5b3aa247795",
        "MD5:df6e4f2a25725f75ed68c21cf98aea69",
        "MD5:c9ead7b4716665f8f6c437eaf3dd8086"
      ]
    },
    {
      "icon": "MD5:df87a6169da388ab846b55b395b10edb",
      "id": 888753764,
      "portrait": null,
      "voice_sample_transcripts": [
        "おはようございます！現在時刻は7時30分です。今日の東京の気温は18度で、天気は雨です。10時からミーティング、午後3時に歯医者の予約があります。今日も素敵な一日になりますように。",
        "やった〜！テストでようやく満点取れた〜！めちゃくちゃ嬉しい…。　そうそう、さっき読んでたこの漫画がめっちゃ面白くてさ〜！見てよこれ！",
        "ごめんね、今ちょっと風邪気味なんだよね…。それでもよければ会いたいけど、どう？　………そっか…。コロナ流行ってるもんね。じゃまた今度にしようかー。元気になったらぜひご飯でも！"
      ],
      "voice_samples": [
        "MD5:700fbef9427fe03b00b5fdc3d4d82187",
        "MD5:776e154ff3dde058e1634e6ade343172",
        "MD5:e79ad94f97eaf6899b7788c6698ca711"
      ]
    },
    {
      "icon": "MD5:df87a6169da388ab846b55b395b10edb",
      "id": 888753763,
      "portrait": null,
      "voice_sample_transcripts": [
        "おはようございます！現在時刻は7時30分です。今日の東京の気温は18度で、天気は雨です。10時からミーティング、午後3時に歯医者の予約があります。今日も素敵な一日になりますように。",
        "やった〜！テストでようやく満点取れた〜！めちゃくちゃ嬉しい…。　そうそう、さっき読んでたこの漫画がめっちゃ面白くてさ〜！見てよこれ！",
        "ごめんね、今ちょっと風邪気味なんだよね…。それでもよければ会いたいけど、どう？　…………そっか…。コロナ流行ってるもんね。じゃまた今度にしようか。…元気になったらぜひご飯でも！"
      ],
      "voice_samples": [
        "MD5:7b257ac7c58aa2dce3ea19cf6ce3ca2b",
        "MD5:a77a737b7eefe2a3e57c74494be73fda",
        "MD5:7a868eda4e62786f35462735737bd452"
      ]
    },
    {
      "icon": "MD5:df87a6169da388ab846b55b395b10edb",
      "id": 888753765,
      "portrait": null,
      "voice_sample_transcripts": [
        "おはようございます！現在時刻は7時30分です。今日の東京の気温は18度で、天気は雨です。10時からミーティング、午後3時に歯医者の予約があります。今日も素敵な一日になりますように。",
        "やった〜！テストでようやく満点取れた〜！めちゃくちゃ嬉しい…。　そうそう、さっき読んでたこの漫画がめっちゃ面白くてさ〜！見てよこれ！",
        "ごめんね、今ちょっと風邪気味なんだよね…。それでもよければ会いたいけど、どう？　………そっか…。コロナ流行ってるもんね。じゃまた今度にしようかー。元気になったらぜひご飯でも！"
      ],
      "voice_samples": [
        "MD5:b576280b99ee06a6a385265a6e48b6ef",
        "MD5:a655fe0494c9ca4d1cf700feecbd4a7b",
        "MD5:16a1ce60665670f1ba6f3cf4d33f611f"
      ]
    }
  ]
}
