{
  "accent_phrases": [
    {
      "accent": 1,
      "is_interrogative": false,
      "moras": [
        {
          "consonant": "t",
          "consonant_length": 0.0,
          "pitch": 0.0,
          "text": "テ",
          "vowel": "e",
          "vowel_length": 0.0
        },
        {
          "consonant": "s",
          "consonant_length": 0.0,
          "pitch": 0.0,
          "text": "ス",
          "vowel": "u",
          "vowel_length": 0.0
        },
        {
          "consonant": "t",
          "consonant_length": 0.0,
          "pitch": 0.0,
          "text": "ト",
          "vowel": "o",
          "vowel_length": 0.0
        },
        {
          "consonant": "d",
          "consonant_length": 0.0,
          "pitch": 0.0,
          "text": "デ",
          "vowel": "e",
          "vowel_length": 0.0
        },
        {
          "consonant": "s",
          "consonant_length": 0.0,
          "pitch": 0.0,
          "text": "ス",
          "vowel": "u",
          "vowel_length": 0.0
        }
      ],
      "pause_mora": null
    }
  ],
  "intonationScale": 1.0,
  "kana": "テストです",
  "outputSamplingRate": 44100,
  "outputStereo": false,
  "pauseLength": null,
  "pauseLengthScale": 1.0,
  "pitchScale": 0.0,
  "postPhonemeLength": 0.1,
  "prePhonemeLength": 0.1,
  "speedScale": 1.0,
  "tempoDynamicsScale": 1.0,
  "volumeScale": 1.0
}
