# serializer version: 1
# name: test_get_root_200
  '''
  
          <html>
              <head>
                  <title>AivisSpeech Engine</title>
              </head>
              <body>
                  <h1>AivisSpeech Engine</h1>
                  AivisSpeech Engine へようこそ！
                  <ul>
                      <li><a href='/setting'>設定</a></li>
                      <li><a href='/docs'>API ドキュメント</a></li>
          </ul></body></html>
          
  '''
# ---
