{
  "hash": "MD5:6c611c36dfbdbdbb30afca377115d54c",
  "shape": [
    1,
    25600,
    2
  ]
}
